NVIDIA A100-SXM4-80GB, 4291 MiB, 81920 MiB
Running main() from /root/work/cheddar-bb/build_bb/_deps/googletest-src/googletest/src/gtest_main.cc
[==========] Running 1 test from 1 test suite.
[----------] Global test environment set-up.
[----------] 1 test from CiBertBase
[ RUN      ] CiBertBase.TheChainRunsOnTheRealWeights
WARN: UserInterface is for testing purposes only. Do not use in production.
  BERT-Base: layers 0..11 of 12, H 768, I 3072, 12 heads x 64; T 128 x B 512 (512 live) on ci16_35_k16_w58.json
CtS preparation phase 0 (level 31)
CtS preparation phase 1 (level 30)
CtS preparation phase 2 (level 29)
CtS preparation phase 3 (level 28)
StC preparation phase 0
StC preparation phase 1
StC preparation phase 2
  setup 22.0099 s
  512 prompt(s) -> 512 instance(s)
  mask /root/bert_base/held128/serve/prompts/mask.u8: shortest prompt 3 real tokens of 128
  [bert-base] plan: top 16, S at 7 (exp deg 15 = 4 lv), P at 4, q/k in 9, v in 5, o in 3, FFN 12 x 256 GELU deg 255/63/63/63/63/63/63/63/63/63/63/63 (|u| <= 33.8008..8.92021) -> 7, Cho k 2, BSGS 16 x 8, carries in 0.252492 h 0.0440423, masked; fold on,- (live^1,0), hoist on, poly batch 1, operands 369 MiB
  input at level 16, carry 0.252492
  [bert-base] layer 253.59 s: boot 119.485 (wide 2304, narrow 14), qkv 9.09689, scores 16.4201, softmax 101.151, values 16.1001, o 0.483708, ln 8.98004, ffn 5.5029, gelu 54.2428; rotations 36480, relins 15388; out at level 4
LAYER 0: rms 2^-11.18 (worst instance 2^-10.44, max |err| 0.0095)  253.59 s = boot 119.49 (2304 wide + 14 narrow), qkv 9.10, scores 16.42, softmax 101.15, values 16.10, o 0.48, ln 8.98, ffn 5.50, gelu 54.24; 36480 rotations, 15388 relins
  [bert-base] plan: top 16, S at 7 (exp deg 15 = 4 lv), P at 4, q/k in 9, v in 5, o in 3, FFN 12 x 256 GELU deg 255/63/63/63/63/63/63/63/63/63/63/63 (|u| <= 38.29..8.41) -> 7, Cho k 2, BSGS 16 x 8, carries in 0.28 h 0.04, masked; fold on,- (live^1,0), hoist on, poly batch 1, operands 369 MiB
  [bert-base] layer 295.26 s: boot 160.30 (wide 3072, narrow 14), qkv 8.92, scores 16.03, softmax 100.69, values 16.42, o 0.32, ln 9.00, ffn 5.33, gelu 56.02; rotations 36480, relins 15388; out at level 4
LAYER 1: rms 2^-10.67 (worst instance 2^-10.14, max |err| 0.0150)  295.26 s = boot 160.30 (3072 wide + 14 narrow), qkv 8.92, scores 16.03, softmax 100.69, values 16.42, o 0.32, ln 9.00, ffn 5.33, gelu 56.02; 36480 rotations, 15388 relins
  [bert-base] plan: top 16, S at 7 (exp deg 15 = 4 lv), P at 4, q/k in 9, v in 5, o in 3, FFN 12 x 256 GELU deg 511/63/63/63/63/63/63/63/63/63/63/63 (|u| <= 109.03..8.26) -> 6, Cho k 3, BSGS 16 x 8, carries in 0.25 h 0.05, masked; fold on,-,- (live^1,0,0), hoist on, poly batch 1, operands 360 MiB
  [bert-base] ln2: variance window 248.89x -> booting the stream first
  [bert-base] layer 462.74 s: boot 366.30 (wide 5376, narrow 13), qkv 6.31, scores 10.17, softmax 240.48, values 9.75, o 1.34, ln 37.91, ffn 8.86, gelu 36.05; rotations 36480, relins 18472; out at level 5
LAYER 2: rms 2^-7.74 (worst instance 2^-7.48, max |err| 0.1350)  462.74 s = boot 366.30 (5376 wide + 13 narrow), qkv 6.31, scores 10.17, softmax 240.48, values 9.75, o 1.34, ln 37.91, ffn 8.86, gelu 36.05; 36480 rotations, 18472 relins
  [bert-base] plan: top 16, S at 7 (exp deg 15 = 4 lv), P at 4, q/k in 9, v in 5, o in 3, FFN 12 x 256 GELU deg 511/127/63/63/63/63/63/63/63/63/63/63 (|u| <= 107.95..8.59) -> 6, Cho k 2, BSGS 16 x 8, carries in 0.19 h 0.04, masked; fold on,- (live^1,0), hoist on, poly batch 1, operands 360 MiB
  [bert-base] layer 301.12 s: boot 199.69 (wide 3072, narrow 14), qkv 6.31, scores 10.31, softmax 119.15, values 9.47, o 1.32, ln 8.17, ffn 10.50, gelu 41.33; rotations 36480, relins 15388; out at level 3
LAYER 3: rms 2^-7.81 (worst instance 2^-7.47, max |err| 0.1478)  301.12 s = boot 199.69 (3072 wide + 14 narrow), qkv 6.31, scores 10.31, softmax 119.15, values 9.47, o 1.32, ln 8.17, ffn 10.50, gelu 41.33; 36480 rotations, 15388 relins
  [bert-base] plan: top 16, S at 7 (exp deg 15 = 4 lv), P at 4, q/k in 9, v in 5, o in 3, FFN 12 x 256 GELU deg 511/63/63/63/63/63/63/63/63/63/63/63 (|u| <= 110.67..8.49) -> 6, Cho k 2, BSGS 16 x 8, carries in 0.21 h 0.04, masked; fold on,- (live^1,0), hoist on, poly batch 1, operands 360 MiB
  [bert-base] layer 335.11 s: boot 231.15 (wide 3072, narrow 14), qkv 8.96, scores 10.49, softmax 128.51, values 9.88, o 1.33, ln 8.16, ffn 10.49, gelu 39.78; rotations 36480, relins 15388; out at level 3
LAYER 4: rms 2^-7.77 (worst instance 2^-7.19, max |err| 0.1398)  335.11 s = boot 231.15 (3072 wide + 14 narrow), qkv 8.96, scores 10.49, softmax 128.51, values 9.88, o 1.33, ln 8.16, ffn 10.49, gelu 39.78; 36480 rotations, 15388 relins
  [bert-base] plan: top 16, S at 7 (exp deg 15 = 4 lv), P at 4, q/k in 9, v in 5, o in 3, FFN 12 x 256 GELU deg 511/63/63/63/63/63/63/63/63/63/63/63 (|u| <= 89.56..8.07) -> 6, Cho k 2, BSGS 16 x 8, carries in 0.19 h 0.04, masked; fold on,- (live^1,0), hoist on, poly batch 1, operands 360 MiB
  [bert-base] layer 333.48 s: boot 231.27 (wide 3072, narrow 14), qkv 7.55, scores 11.18, softmax 128.54, values 9.87, o 1.21, ln 8.04, ffn 10.40, gelu 39.14; rotations 36480, relins 15388; out at level 3
LAYER 5: rms 2^-7.80 (worst instance 2^-7.16, max |err| 0.2157)  333.48 s = boot 231.27 (3072 wide + 14 narrow), qkv 7.55, scores 11.18, softmax 128.54, values 9.87, o 1.21, ln 8.04, ffn 10.40, gelu 39.14; 36480 rotations, 15388 relins
  [bert-base] plan: top 16, S at 7 (exp deg 15 = 4 lv), P at 4, q/k in 9, v in 5, o in 3, FFN 12 x 256 GELU deg 255/63/63/63/63/63/63/63/63/63/63/63 (|u| <= 46.81..7.66) -> 7, Cho k 2, BSGS 16 x 8, carries in 0.17 h 0.05, masked; fold on,- (live^1,0), hoist on, poly batch 1, operands 369 MiB
  [bert-base] layer 332.38 s: boot 231.85 (wide 3072, narrow 14), qkv 8.96, scores 10.94, softmax 129.09, values 9.80, o 1.31, ln 8.11, ffn 10.83, gelu 35.81; rotations 36480, relins 15388; out at level 4
LAYER 6: rms 2^-7.82 (worst instance 2^-7.02, max |err| 0.2020)  332.38 s = boot 231.85 (3072 wide + 14 narrow), qkv 8.96, scores 10.94, softmax 129.09, values 9.80, o 1.31, ln 8.11, ffn 10.83, gelu 35.81; 36480 rotations, 15388 relins
  [bert-base] plan: top 16, S at 7 (exp deg 15 = 4 lv), P at 4, q/k in 9, v in 5, o in 3, FFN 12 x 256 GELU deg 255/63/63/63/63/63/63/63/63/63/63/63 (|u| <= 37.00..7.77) -> 7, Cho k 2, BSGS 16 x 8, carries in 0.17 h 0.04, masked; fold on,- (live^1,0), hoist on, poly batch 1, operands 369 MiB
  [bert-base] layer 328.01 s: boot 231.41 (wide 3072, narrow 14), qkv 6.27, scores 10.59, softmax 128.47, values 9.83, o 1.32, ln 7.90, ffn 10.67, gelu 35.25; rotations 36480, relins 15388; out at level 4
LAYER 7: rms 2^-7.88 (worst instance 2^-7.10, max |err| 0.2895)  328.01 s = boot 231.41 (3072 wide + 14 narrow), qkv 6.27, scores 10.59, softmax 128.47, values 9.83, o 1.32, ln 7.90, ffn 10.67, gelu 35.25; 36480 rotations, 15388 relins
  [bert-base] plan: top 16, S at 7 (exp deg 15 = 4 lv), P at 4, q/k in 9, v in 5, o in 3, FFN 12 x 256 GELU deg 255/63/63/63/63/63/63/63/63/63/63/63 (|u| <= 48.28..8.09) -> 7, Cho k 3, BSGS 16 x 8, carries in 0.13 h 0.04, masked; fold on,-,- (live^1,0,0), hoist on, poly batch 1, operands 369 MiB
  [bert-base] ln2: variance window 250.72x -> booting the stream first
  [bert-base] layer 508.78 s: boot 403.56 (wide 5376, narrow 13), qkv 8.95, scores 10.38, softmax 248.21, values 9.88, o 1.32, ln 66.91, ffn 10.60, gelu 35.42; rotations 36480, relins 18472; out at level 5
LAYER 8: rms 2^-7.83 (worst instance 2^-7.05, max |err| 0.4179)  508.78 s = boot 403.56 (5376 wide + 13 narrow), qkv 8.95, scores 10.38, softmax 248.21, values 9.88, o 1.32, ln 66.91, ffn 10.60, gelu 35.42; 36480 rotations, 18472 relins
  [bert-base] plan: top 16, S at 7 (exp deg 15 = 4 lv), P at 4, q/k in 9, v in 5, o in 3, FFN 12 x 256 GELU deg 511/63/63/63/63/63/63/63/63/63/63/63 (|u| <= 177.66..8.17) -> 6, Cho k 2, BSGS 16 x 8, carries in 0.11 h 0.06, masked; fold on,- (live^1,0), hoist on, poly batch 1, operands 360 MiB
  [bert-base] ln2: variance window 9084.10x -> booting the stream first
  [bert-base] layer 236.86 s: boot 183.09 (wide 3840, narrow 13), qkv 3.89, scores 6.22, softmax 70.42, values 5.92, o 0.31, ln 33.68, ffn 3.55, gelu 23.07; rotations 36480, relins 15388; out at level 3
LAYER 9: rms 2^-6.45 (worst instance 2^-6.15, max |err| 0.7962)  236.86 s = boot 183.09 (3840 wide + 13 narrow), qkv 3.89, scores 6.22, softmax 70.42, values 5.92, o 0.31, ln 33.68, ffn 3.55, gelu 23.07; 36480 rotations, 15388 relins
  [bert-base] plan: top 16, S at 7 (exp deg 15 = 4 lv), P at 4, q/k in 9, v in 5, o in 3, FFN 12 x 256 GELU deg 511/63/63/63/63/63/63/63/63/63/63/63 (|u| <= 259.87..8.18) -> 6, Cho k 2, BSGS 16 x 8, carries in 0.10 h 0.05, masked; fold on,- (live^1,0), hoist on, poly batch 1, operands 360 MiB
  [bert-base] ln2: variance window 8039.93x -> booting the stream first
  [bert-base] layer 210.17 s: boot 156.89 (wide 3840, narrow 13), qkv 3.62, scores 6.24, softmax 70.54, values 5.94, o 0.30, ln 33.72, ffn 3.53, gelu 22.80; rotations 36480, relins 15388; out at level 3
LAYER 10: rms 2^-5.51 (worst instance 2^-5.25, max |err| 1.2976)  210.17 s = boot 156.89 (3840 wide + 13 narrow), qkv 3.62, scores 6.24, softmax 70.54, values 5.94, o 0.30, ln 33.72, ffn 3.53, gelu 22.80; 36480 rotations, 15388 relins
  [bert-base] plan: top 16, S at 7 (exp deg 15 = 4 lv), P at 4, q/k in 9, v in 5, o in 3, FFN 12 x 256 GELU deg 255/63/63/63/63/63/63/63/63/63/63/63 (|u| <= 29.39..7.25) -> 7, Cho k 2, BSGS 16 x 8, carries in 0.09 h 0.07, masked; fold on,- (live^1,0), hoist on, poly batch 1, operands 369 MiB
  [bert-base] layer 175.43 s: boot 126.05 (wide 3072, narrow 14), qkv 3.61, scores 6.24, softmax 70.50, values 5.94, o 0.32, ln 1.73, ffn 3.73, gelu 19.50; rotations 36480, relins 15388; out at level 4
LAYER 11: rms 2^-5.47 (worst instance 2^-5.12, max |err| 1.0697)  175.43 s = boot 126.05 (3072 wide + 14 narrow), qkv 3.61, scores 6.24, softmax 70.50, values 5.94, o 0.32, ln 1.73, ffn 3.73, gelu 19.50; 36480 rotations, 15388 relins
CHAIN worst rms 2^-5.47 over 12 layer(s), 512 instance(s)
  [bert-base] head: pooler at 16 -> 15, tanh deg 511 on [-54.22, 54.65] -> 6, classifier -> 5, 2 classes
  prompt 0: logits 3.9372 -2.3930 -> label 0 (float64 3.8936 -2.3357 -> 0)
  prompt 1: logits 4.0881 -2.6873 -> label 0 (float64 4.1001 -2.6996 -> 0)
  prompt 2: logits 4.0617 -2.6705 -> label 0 (float64 4.0622 -2.6721 -> 0)
  prompt 3: logits 3.2115 -1.8220 -> label 0 (float64 3.2345 -1.8568 -> 0)
  prompt 4: logits 4.1018 -2.7652 -> label 0 (float64 4.1424 -2.8099 -> 0)
  prompt 5: logits 4.0333 -2.3864 -> label 0 (float64 4.0259 -2.3828 -> 0)
  prompt 6: logits -0.5700 2.6985 -> label 1 (float64 -0.5951 2.7167 -> 1)
  prompt 7: logits 3.6244 -2.1123 -> label 0 (float64 3.5508 -2.0174 -> 0)
HEAD: 53.3473 s, logits rms 2^-6.32, labels agree 512 / 512
[       OK ] CiBertBase.TheChainRunsOnTheRealWeights (4587645 ms)
[----------] 1 test from CiBertBase (4587645 ms total)

[----------] Global test environment tear-down
[==========] 1 test from 1 test suite ran. (4587645 ms total)
[  PASSED  ] 1 test.

real	76m28.153s
user	50m49.763s
sys	17m34.769s
BB_RUN_DONE rc=0
